# essentials

python3
python3-pip
python3-venv

gosu

nginx-extras
rsyslog

# generic

libgeos-c1t64
libproj25
# must match gdal in pip.lst
libgdal38
# needed to build the gdal python bindings
libgdal-dev
gdal-bin

tzdata

# ldap

libldap-dev
libsasl2-dev

# fonts

libfreetype-dev
fonts-dejavu-core

# for ms sql

freetds-dev
tdsodbc

# documentation

graphviz

# wkhtmltopdf (the 'patched qt' deb needs this)

xfonts-75dpi

# bundled mapserver

libcairo2
libcurl3t64-gnutls
libfreetype6
libfribidi0
libgif7
libharfbuzz0b
libjpeg-turbo8
libpng16-16t64
libpq5
libprotobuf-c1
libxml2-16
libfcgi-bin

#

ghostscript
