# gws core

numpy==2.*
# 2.15+ has no 'narrow' unit names for 'de', see lib/intl
Babel==2.14.*
GeoAlchemy2==0.*
jq==1.*
pendulum==3.*
Pillow==12.*
psutil==7.*
psycopg2-binary==2.*
pycountry==26.*
pypdf==6.*
pyproj==3.*
python-ldap==3.*
PyYAML==6.*
qrcode==8.*
requests==2.*
shapely==2.*
SQLAlchemy==2.*
watchdog==6.*
Werkzeug==3.*
lxml==6.*

uWSGI==2.*

# must match major.minor of libgdal in apt.lst and must not be newer than it
gdal==3.12.2

# testing

pytest==9.*
pytest-clarity==1.*
coverage==7.*

# documentation

Sphinx==9.*
sphinx-autoapi==3.*
Pygments==2.*

# lib/vendor/dog uses the 2.x plugin API
mistune==2.*

# NB see https://github.com/lepture/python-livereload/issues/270
tornado==6.*
livereload==2.*

pyodbc==5.*
Authlib==1.*
matplotlib==3.*
